CastError: Cast to ObjectId failed for value "undefined" (type string) at path "userId" for model "StudentProfile"
    at SchemaObjectId.cast (C:\Users\Ahmad_Joba\Documents\AHL Internship\training-opportunities-website\backend\node_modules\mongoose\lib\schema\objectId.js:252:11)
    at SchemaType.applySetters (C:\Users\Ahmad_Joba\Documents\AHL Internship\training-opportunities-website\backend\node_modules\mongoose\lib\schemaType.js:1374:12)
    at SchemaType.castForQuery (C:\Users\Ahmad_Joba\Documents\AHL Internship\training-opportunities-website\backend\node_modules\mongoose\lib\schemaType.js:1794:17)
    at cast (C:\Users\Ahmad_Joba\Documents\AHL Internship\training-opportunities-website\backend\node_modules\mongoose\lib\cast.js:386:32)
    at Query.cast (C:\Users\Ahmad_Joba\Documents\AHL Internship\training-opportunities-website\backend\node_modules\mongoose\lib\query.js:5233:12)
    at Query._castConditions (C:\Users\Ahmad_Joba\Documents\AHL Internship\training-opportunities-website\backend\node_modules\mongoose\lib\query.js:2411:10)
    at model.Query._findOne (C:\Users\Ahmad_Joba\Documents\AHL Internship\training-opportunities-website\backend\node_modules\mongoose\lib\query.js:2758:8)
    at maybeTracedQueryExec (C:\Users\Ahmad_Joba\Documents\AHL Internship\training-opportunities-website\backend\node_modules\mongoose\lib\query.js:4801:83)
    at process.processTicksAndRejections (node:internal/process/task_queues:104:5)
    at async getPublicStudentById (file:///C:/Users/Ahmad_Joba/Documents/AHL%20Internship/training-opportunities-website/backend/src/controllers/studentController.js:202:21)
CastError: Cast to ObjectId failed for value "undefined" (type string) at path "userId" for model "StudentProfile"
    at SchemaObjectId.cast (C:\Users\Ahmad_Joba\Documents\AHL Internship\training-opportunities-website\backend\node_modules\mongoose\lib\schema\objectId.js:252:11)
    at SchemaType.applySetters (C:\Users\Ahmad_Joba\Documents\AHL Internship\training-opportunities-website\backend\node_modules\mongoose\lib\schemaType.js:1374:12)
    at SchemaType.castForQuery (C:\Users\Ahmad_Joba\Documents\AHL Internship\training-opportunities-website\backend\node_modules\mongoose\lib\schemaType.js:1794:17)
    at cast (C:\Users\Ahmad_Joba\Documents\AHL Internship\training-opportunities-website\backend\node_modules\mongoose\lib\cast.js:386:32)
    at Query.cast (C:\Users\Ahmad_Joba\Documents\AHL Internship\training-opportunities-website\backend\node_modules\mongoose\lib\query.js:5233:12)
    at Query._castConditions (C:\Users\Ahmad_Joba\Documents\AHL Internship\training-opportunities-website\backend\node_modules\mongoose\lib\query.js:2411:10)
    at model.Query._findOne (C:\Users\Ahmad_Joba\Documents\AHL Internship\training-opportunities-website\backend\node_modules\mongoose\lib\query.js:2758:8)
    at maybeTracedQueryExec (C:\Users\Ahmad_Joba\Documents\AHL Internship\training-opportunities-website\backend\node_modules\mongoose\lib\query.js:4801:83)
    at process.processTicksAndRejections (node:internal/process/task_queues:104:5)
    at async getPublicStudentById (file:///C:/Users/Ahmad_Joba/Documents/AHL%20Internship/training-opportunities-website/backend/src/controllers/studentController.js:202:21)
CastError: Cast to ObjectId failed for value "undefined" (type string) at path "userId" for model "StudentProfile"
    at SchemaObjectId.cast (C:\Users\Ahmad_Joba\Documents\AHL Internship\training-opportunities-website\backend\node_modules\mongoose\lib\schema\objectId.js:252:11)
    at SchemaType.applySetters (C:\Users\Ahmad_Joba\Documents\AHL Internship\training-opportunities-website\backend\node_modules\mongoose\lib\schemaType.js:1374:12)
    at SchemaType.castForQuery (C:\Users\Ahmad_Joba\Documents\AHL Internship\training-opportunities-website\backend\node_modules\mongoose\lib\schemaType.js:1794:17)
    at cast (C:\Users\Ahmad_Joba\Documents\AHL Internship\training-opportunities-website\backend\node_modules\mongoose\lib\cast.js:386:32)
    at Query.cast (C:\Users\Ahmad_Joba\Documents\AHL Internship\training-opportunities-website\backend\node_modules\mongoose\lib\query.js:5233:12)
    at Query._castConditions (C:\Users\Ahmad_Joba\Documents\AHL Internship\training-opportunities-website\backend\node_modules\mongoose\lib\query.js:2411:10)
    at model.Query._findOne (C:\Users\Ahmad_Joba\Documents\AHL Internship\training-opportunities-website\backend\node_modules\mongoose\lib\query.js:2758:8)
    at maybeTracedQueryExec (C:\Users\Ahmad_Joba\Documents\AHL Internship\training-opportunities-website\backend\node_modules\mongoose\lib\query.js:4801:83)
    at process.processTicksAndRejections (node:internal/process/task_queues:104:5)
    at async getPublicStudentById (file:///C:/Users/Ahmad_Joba/Documents/AHL%20Internship/training-opportunities-website/backend/src/controllers/studentController.js:202:21)
CastError: Cast to ObjectId failed for value "undefined" (type string) at path "userId" for model "StudentProfile"
    at SchemaObjectId.cast (C:\Users\Ahmad_Joba\Documents\AHL Internship\training-opportunities-website\backend\node_modules\mongoose\lib\schema\objectId.js:252:11)
    at SchemaType.applySetters (C:\Users\Ahmad_Joba\Documents\AHL Internship\training-opportunities-website\backend\node_modules\mongoose\lib\schemaType.js:1374:12)
    at SchemaType.castForQuery (C:\Users\Ahmad_Joba\Documents\AHL Internship\training-opportunities-website\backend\node_modules\mongoose\lib\schemaType.js:1794:17)
    at cast (C:\Users\Ahmad_Joba\Documents\AHL Internship\training-opportunities-website\backend\node_modules\mongoose\lib\cast.js:386:32)
    at Query.cast (C:\Users\Ahmad_Joba\Documents\AHL Internship\training-opportunities-website\backend\node_modules\mongoose\lib\query.js:5233:12)
    at Query._castConditions (C:\Users\Ahmad_Joba\Documents\AHL Internship\training-opportunities-website\backend\node_modules\mongoose\lib\query.js:2411:10)
    at model.Query._findOne (C:\Users\Ahmad_Joba\Documents\AHL Internship\training-opportunities-website\backend\node_modules\mongoose\lib\query.js:2758:8)
    at maybeTracedQueryExec (C:\Users\Ahmad_Joba\Documents\AHL Internship\training-opportunities-website\backend\node_modules\mongoose\lib\query.js:4801:83)
    at process.processTicksAndRejections (node:internal/process/task_queues:104:5)
    at async getPublicStudentById (file:///C:/Users/Ahmad_Joba/Documents/AHL%20Internship/training-opportunities-website/backend/src/controllers/studentController.js:202:21)
